* Microsoft COBOL Version 4.5        L2.4 revision 002 16-Jun-25 16:17 Page   1
*                                      EXERC3.CBL
* Options: LIST(EXERC3.LST) ASMLIST(EXERC3.GRP)
     1 IDENTIFICATION DIVISION.
     2     PROGRAM-ID.    EXERC3.
     3     AUTHOR.        YHAGO.
     4     DATE-WRITTEN.  14/06/25.
     5     DATE-COMPILED.
     6     SECURITY.      SOMENTE O AUTOR PODE MODIFICALO.
     7 ENVIRONMENT DIVISION.
     8 CONFIGURATION SECTION.
     9     SPECIAL-NAMES.  DECIMAL-POINT IS COMMA.
    10 INPUT-OUTPUT SECTION.
    11 FILE-CONTROL.
    12     SELECT CADMERC ASSIGN TO DISK
    13     ORGANIZATION IS LINE SEQUENTIAL.
    14     SELECT MOVMERC ASSIGN TO DISK
    15     ORGANIZATION IS LINE SEQUENTIAL.
    16     SELECT RELMERC ASSIGN TO DISK
    17     ORGANIZATION IS LINE SEQUENTIAL.
    18     SELECT ATUMERC  ASSIGN TO DISK
    19     ORGANIZATION IS LINE SEQUENTIAL.
    20     SELECT RELERRO ASSIGN TO DISK
    21     ORGANIZATION IS LINE SEQUENTIAL.
    22 DATA DIVISION.
    23 FILE SECTION.
    24
    25 FD CADMERC
    26     LABEL RECORD STANDARD
    27     VALUE OF FILE-ID IS "CADMERC.DAT".
    28 01 REG-CAD.
    29     02 CODMERC-CAD        PIC 9(03).
    30     02 DESC-CAD         PIC X(30).
    31     02 ESTOQMIN-CAD     PIC 9(03).
    32     02 QUANTESTOQ-CAD      PIC 9(03).
    33     02 UNITARIO-CAD     PIC 9(04)V99.
    34 FD MOVMERC
    35     LABEL RECORD STANDARD
    36     VALUE OF FILE-ID IS "MOVMERC.DAT".
    37 01 REG-MOV.
    38     02 CODMERC-MOV      PIC 9(03).
    39     02 DESC-MOV         PIC X(30).
    40     02 ESTOQMIN-MOV     PIC 9(03).
    41     02 QUANTESTOQ-MOV   PIC 9(03).
    42     02 UNITARIO-MOV     PIC 9(04)V99.
    43     02 TIPO-MOV         PIC X(01).
    44 FD ATUMERC
    45     LABEL RECORD  OMITTED.
    46 01 REG-ATU.
    47     02 CODMERC-ATU        PIC 9(03).
    48     02 DESC-ATU         PIC X(30).
    49     02 ESTOQMIN-ATU     PIC 9(03).
    50     02 QUANTESTOQ-ATU      PIC 9(03).
    51     02 UNITARIO-ATU     PIC 9(04)V99.
    52 FD RELERRO
    53     LABEL RECORD  OMITTED.
    54 01 REG-ERRO      PIC X(80).
    55 FD RELMERC
    56     LABEL RECORD  OMITTED.
    57 01 REG-MERC      PIC X(170).
* Microsoft COBOL Version 4.5        L2.4 revision 002 16-Jun-25 16:17 Page   2
*                                      EXERC3.CBL
    58 WORKING-STORAGE SECTION.
    59     77 CH-CADMERC PIC  X(04) VALUE SPACES.
    60     77 CH-MOVMERC PIC  X(04) VALUE SPACES.
    61     77 CH-TYPE   PIC  X(02) VALUE SPACES.
    62     77 CT-LIN-MERC           PIC 9(02) VALUE 40.
    63     77 CT-PAG-MERC           PIC 9(02) VALUE ZEROS.
    64     77 CT-LIN-ERRO           PIC 9(02) VALUE 40.
    65     77 CT-PAG-ERRO           PIC 9(02) VALUE ZEROS.
    66     77 VAR-COUNT             PIC 9(04) VALUE ZEROS.
    67 01 WHITE-CAB01.
    68     02 FILLER     PIC X(170) VALUE SPACES.
    69 01 WHITE-CAB02.
    70     02 FILLER     PIC X(80) VALUE SPACES.
    71 01 CAB01-MERC.
    72     02 FILLER     PIC X(34) VALUE SPACES.
    73     02 FILLER     PIC X(22) VALUE "RELAÇÃO DE MERCADORIAS".
    74     02 FILLER     PIC X(40) VALUE SPACES.
    75     02 FILLER     PIC X(05) VALUE "PAG. ".
    76     02 VAR-PAG-MERC    PIC ZZ9.
    77 01 CAB01-ERRO.
    78     02 FILLER     PIC X(20) VALUE SPACES.
    79     02 FILLER     PIC X(22) VALUE "RELAÇÃO DE MERCADORIAS".
    80     02 FILLER     PIC X(15) VALUE SPACES.
    81     02 FILLER     PIC X(05) VALUE "PAG. ".
    82     02 VAR-PAG-ERRO    PIC ZZ9.
    83 01 CAB02-ERRO.
    84     02 FILLER     PIC X(22) VALUE SPACES.
    85     02 FILLER     PIC X(20) VALUE "ERROS DE ATUALIZAÇÃO".
    86
    87 01 CAB02-MERC.
    88     02 FILLER     PIC X(25) VALUE SPACES.
    89     02 FILLER     PIC X(15) VALUE "ESTOQUE CRÍTICO".
    90
    91 01 CAB03-ERRO.
    92     02 FILLER     PIC X(06) VALUE "CODIGO".
    93     02 FILLER     PIC X(05) VALUE SPACES.
    94     02 FILLER     PIC X(09) VALUE "DESCRIÇÀO".
    95     02 FILLER     PIC X(24) VALUE SPACES.
    96     02 FILLER     PIC X(08) VALUE "MENSAGEM".
    97 01 CAB03-MERC.
    98     02 FILLER     PIC X(06) VALUE "CODIGO".
    99     02 FILLER     PIC X(05) VALUE SPACES.
   100     02 FILLER     PIC X(09) VALUE "DESCRIÇÀO".
   101     02 FILLER     PIC X(27) VALUE SPACES.
   102     02 FILLER     PIC X(14) VALUE "ESTOQUE MÍNIMO".
   103     02 FILLER     PIC X(05) VALUE SPACES.
   104     02 FILLER     PIC X(18) VALUE "QUANTIDADE ESTOQUE".
   105     02 FILLER     PIC X(05) VALUE SPACES.
   106     02 FILLER     PIC X(14) VALUE "PREÇO UNITARIO".
   107
   108 01 DETALHE-MERC.
   109     02 FILLER        PIC X(01) VALUE SPACES.
   110     02 VAR-COD-MERC       PIC ZZ9.
   111     02 FILLER        PIC X(07) VALUE SPACES.
   112     02 VAR-DESCR     PIC X(30) .
   113     02 FILLER        PIC X(04) VALUE SPACES.
   114     02 VAR-ESTOQMIN  PIC ZZ9.
   115     02 FILLER        PIC X(16) VALUE SPACES.
* Microsoft COBOL Version 4.5        L2.4 revision 002 16-Jun-25 16:17 Page   3
*                                      EXERC3.CBL
   116     02 VAR-ESTOQQUAN  PIC ZZ9.
   117     02 FILLER        PIC X(18) VALUE SPACES.
   118     02 VAR-UNITARIO  PIC Z.ZZ9,99.
   119 01 DETALHE-ERRO.
   120     02 FILLER          PIC X(01) VALUE SPACES.
   121     02 VAR-COD-ERRO    PIC ZZ9.
   122     02 FILLER          PIC X(5) VALUE SPACES.
   123     02 VAR-DESCR-ERRO  PIC X(30) .
   124     02 FILLER          PIC X(5) VALUE SPACES.
   125     02 VAR-MSG-ERRO        PIC X(35).
   126
   127 PROCEDURE DIVISION.
   128 PGM-04.
   129 PERFORM INICIO.
   130 PERFORM PRINCIPAL
   131     UNTIL CH-CADMERC EQUAL CH-MOVMERC AND
   132     CH-MOVMERC EQUAL   HIGH-VALUES.
   133 PERFORM FIM.
   134 STOP RUN.
   135 INICIO.
   136     OPEN INPUT CADMERC
   137                MOVMERC
   138          OUTPUT ATUMERC RELERRO RELMERC.
   139     PERFORM LER-CADMERC.
   140     PERFORM LER-MOVMERC.
   141
   142 LER-CADMERC.
   143     READ CADMERC AT END MOVE HIGH-VALUE TO CH-CADMERC.
   144     IF  NOT(CH-CADMERC EQUAL HIGH-VALUE)
   145         MOVE CODMERC-CAD TO CH-CADMERC
   146     END-IF.
   147 LER-MOVMERC.
   148     READ MOVMERC AT END MOVE HIGH-VALUE TO CH-MOVMERC.
   149     IF  NOT(CH-MOVMERC EQUAL HIGH-VALUE)
   150         MOVE CODMERC-MOV TO CH-MOVMERC
   151     END-IF.
   152 PRINCIPAL.
   153     IF TIPO-MOV EQUAL "I" OR TIPO-MOV EQUAL "E" OR TIPO-MOV
   154                                                    EQUAL "A"
   155         IF CH-CADMERC EQUAL CH-MOVMERC
   156             PERFORM IGUAL
   157             PERFORM LER-CADMERC
   158             PERFORM LER-MOVMERC
   159         ELSE IF CH-CADMERC LESS CH-MOVMERC
   160             PERFORM CADMERC-MENOR
   161             PERFORM LER-CADMERC
   162         ELSE IF CH-MOVMERC LESS CH-CADMERC
   163             PERFORM MOVMERC-MENOR
   164             PERFORM LER-MOVMERC
   165         END-IF
   166     ELSE
   167         PERFORM LER-MOVMERC
   168     END-IF.
   169
   170 IGUAL.
   171     IF TIPO-MOV EQUAL "I"
   172         MOVE "EI" TO CH-TYPE
   173         PERFORM GRAVACAO-REL-ERRO
* Microsoft COBOL Version 4.5        L2.4 revision 002 16-Jun-25 16:17 Page   4
*                                      EXERC3.CBL
   174         PERFORM GRAVACAO-SAIDA-2
   175     ELSE IF TIPO-MOV EQUAL "A"
   176         IF QUANTESTOQ-MOV LESS ESTOQMIN-MOV OR QUANTESTOQ-MOV
   177                       EQUAL ESTOQMIN-MOV
   178             PERFORM GRAVACAO-REL-MERC
   179             END-IF
   180         MOVE "EA" TO CH-TYPE
   181         PERFORM GRAVACAO-SAIDA-1
   182     ELSE IF TIPO-MOV EQUAL "E"
   183         MOVE "EE" TO CH-TYPE
   184     END-IF.
   185 MOVMERC-MENOR.
   186     IF TIPO-MOV EQUAL "I"
   187         IF QUANTESTOQ-MOV LESS ESTOQMIN-MOV OR QUANTESTOQ-MOV
   188                         EQUAL ESTOQMIN-MOV
   189             PERFORM GRAVACAO-REL-MERC
   190             END-IF
   191         PERFORM GRAVACAO-SAIDA-1
   192     ELSE IF TIPO-MOV EQUAL "A"
   193         MOVE "MA" TO CH-TYPE
   194         PERFORM GRAVACAO-REL-ERRO
   195     ELSE IF TIPO-MOV EQUAL "E"
   196         MOVE "ME" TO CH-TYPE
   197         PERFORM GRAVACAO-REL-ERRO
   198     END-IF.
   199 CADMERC-MENOR.
   200     PERFORM GRAVACAO-SAIDA-2.
   201 GRAVACAO-SAIDA-1.
   202     WRITE REG-ATU FROM REG-MOV.
   203 GRAVACAO-SAIDA-2.
   204     WRITE REG-ATU FROM REG-CAD.
   205 GRAVACAO-REL-MERC.
   206     IF CT-LIN-MERC GREATER THAN 39
   207         PERFORM CABECALHO-MERC
   208     END-IF.
   209     PERFORM DETALHES-MERC.
   210 GRAVACAO-REL-ERRO.
   211     IF CT-LIN-ERRO GREATER THAN 39
   212         PERFORM CABECALHO-ERRO
   213     END-IF.
   214     PERFORM DETALHES-ERRO.
   215 DETALHES-ERRO.
   216     MOVE CODMERC-MOV TO VAR-COD-ERRO
   217     MOVE DESC-MOV TO VAR-DESCR-ERRO
   218     IF CH-TYPE EQUAL "EI"
   219         MOVE "INCLUSÃO P/REG. JÁ EXISTENTE" TO VAR-MSG-ERRO
   220     ELSE IF CH-TYPE EQUAL "MA"
   221         MOVE "ALTERAÇÃO P/REG. INEXISTENTE" TO VAR-MSG-ERRO
   222     ELSE IF CH-TYPE EQUAL "ME"
   223         MOVE "EXCLUSÃO P/REG. INEXISTENTE" TO VAR-MSG-ERRO
   224     END-IF.
   225     WRITE REG-ERRO FROM DETALHE-ERRO AFTER ADVANCING 1 LINE
   226     ADD 1 TO CT-LIN-ERRO.
   227 DETALHES-MERC.
   228     MOVE CODMERC-MOV TO VAR-COD-MERC.
   229     MOVE DESC-MOV TO VAR-DESCR.
   230     MOVE ESTOQMIN-MOV TO VAR-ESTOQMIN.
   231     MOVE QUANTESTOQ-MOV TO VAR-ESTOQQUAN.
* Microsoft COBOL Version 4.5        L2.4 revision 002 16-Jun-25 16:17 Page   5
*                                      EXERC3.CBL
   232     MOVE UNITARIO-MOV TO VAR-UNITARIO
   233     WRITE REG-MERC FROM DETALHE-MERC AFTER ADVANCING 1 LINE
   234     ADD 1 TO CT-LIN-MERC.
   235
   236 CABECALHO-MERC.
   237     ADD 1         TO CT-PAG-MERC.
   238     MOVE CT-PAG-MERC   TO VAR-PAG-MERC.
   239     MOVE SPACES   TO REG-MERC.
   240     WRITE REG-MERC AFTER ADVANCING PAGE.
   241     WRITE REG-MERC FROM CAB01-MERC AFTER ADVANCING 1 LINE.
   242     WRITE REG-MERC FROM WHITE-CAB01 AFTER ADVANCING 1 LINE.
   243     WRITE REG-MERC FROM CAB02-MERC AFTER ADVANCING 1 LINE.
   244     WRITE REG-MERC FROM CAB03-MERC AFTER ADVANCING 1 LINE.
   245     WRITE REG-MERC FROM WHITE-CAB01 AFTER ADVANCING 1 LINE.
   246     MOVE 6  TO CT-LIN-MERC.
   247 CABECALHO-ERRO.
   248     ADD 1         TO CT-PAG-ERRO.
   249     MOVE CT-PAG-ERRO   TO VAR-PAG-ERRO.
   250     MOVE SPACES   TO REG-ERRO.
   251     WRITE REG-ERRO AFTER ADVANCING PAGE.
   252     WRITE REG-ERRO FROM CAB01-ERRO AFTER ADVANCING 1 LINE.
   253     WRITE REG-ERRO FROM WHITE-CAB02 AFTER ADVANCING 1 LINE.
   254     WRITE REG-ERRO FROM CAB02-ERRO AFTER ADVANCING 1 LINE.
   255     WRITE REG-ERRO FROM CAB03-ERRO AFTER ADVANCING 1 LINE.
   256     WRITE REG-ERRO FROM WHITE-CAB02 AFTER ADVANCING 1 LINE.
   257     MOVE 6  TO CT-LIN-ERRO.
   258
   259 FIM.
   260      CLOSE CADMERC MOVMERC RELMERC ATUMERC RELERRO.
* Microsoft COBOL Version 4.5        L2.4 revision 002
* (C)Copyright Microsoft Corp 1984, 1991       URN AXUPA/MS0/000000
*                                              REF GNB-024050002A7
*
* Total Messages:     0
* Data:        2804     Code:        1668     Dictionary:        3868
